// Jest Snapshot v1, https://goo.gl/fbAQLP

exports[`Snapshot 1`] = `
Object {
  "Resources": Object {
    "triggerImmediate338B3A22": Object {
      "Properties": Object {
        "ScheduleExpression": "cron(10 0 3 1 ? 2020)",
        "State": "ENABLED",
      },
      "Type": "AWS::Events::Rule",
    },
  },
}
`;
